wwwwwwwwwwwwwwwwwwwwwwwwwwwwwwwwwwwwwwwwwwwwwwwwwwwwwwwwwwwwwwwwwwwwwwwwwwww
w.........................................................................ow
w..................................swwwwwwwwwwwwwwwwwwwwwwwwwwwwwwwwwwwwwwww
w..................................s...m...................................w
w................wwwwwwwwwwwwwwwwwwwwwwwww.................................w
w..................s.......................................................w
w..................s.......................................................w
w..................s.......................................................w
w..................s.............m.........................................w
w.wwwwwwwwwwwwwwwwwwwwwwwwwwwwwwwwwwwwwwwwwswwww...........................w
w..........................................s...............................w
w..........................................s...................wwsww.......w
w..........................................s.....................s.........w
w..........................................s.....................s.........w
w..........................................s.................m...s.........w
w.............wwwwwwwwwwwswwwwwwwwwwwwwwwwwww...........wwswwwwwwwwwwwww...w
w........................s................................s................w
w........................s................................s................w
w........................s................................s................w
w........................s................................s................w
w................m.......s................................s................w
w..wwwwwwwwwwwwwwwwwwwwwwswwww............................s................w
w........................s................................s...............iw
wwwwwwwwwwwwwwwwwwwwwwwwwwwwwwwwwwwwwwwwwwwwwwwwwwwwwwwwwwwwwwwwwwwwwwwwwwww