wwwwwwwwwwwwwwwwwwwwwwwwwwwwwwwwwwwwwwwwwwwwwwwwwwwwwwwwwwwwwwwwwwwwwwwwwwww
w.........................................................................oW
w..................................swwwwwwwwwwwwwwwwwwwwwwwwwwwwwwwwwwwwwwww
w..................................s...m...................................W
w................wwwwwwwwwwwwwwwwwwwwwwwww.................................w
w..................s.......................................................w
w..................s.......................................................w
w..................s.......................................................w
w..................s.............m.........................................w
w.wwwwwwwwwwwwwwwwwwwwwwwwwwwwwwwwwwwwwwwwwswwww...........................w
w..........................................s...............................w
w..........................................s...................wwsww.......w
w..........................................s.....................s.........w
w..........................................s.....................s.........w
w..........................................s.................m...s.........w
w.............wwwwwwwwwwwswwwwwwwwwwwwwwwwwsw...........wwswwwwwwwwwwwww...w
w........................s................................s................w
w........................s................................s................w
w........................s................................s................w
w........................s................................s................w
w................m.......s................................s................w
w..wwwwwwwwwwwwwwwwwwwwwwswwww............................s................w
w........................s................................s...............iw
wwwwwwwwwwwwwwwwwwwwwwwwwwwwwwwwwwwwwwwwwwwwwwwwwwwwwwwwwwwwwwwwwwwwwwwwwwwwww