wwwwwwwwwwwwwwwwwwwwwwwwwwwwwwwwwwww
w...........................i...k..w
w.........................wswwwwww.w
w.........................wswwwwww.w
w.........................wswwwwww.w
w.........................wswwwwww.w
w.........................wswwwwww.w
w.........................wswwwwww.w
w.........................wswwwwww.w
w.........................wswwwwww.w
w.........................wswwwwww.w
w.........................wswwwwww.w
w.........................wswwwwww.w
w.........................wswwwwww.w
w.........................wswwwwww.w
w.........................wswwwwww.w
w.........................wswwwwww.w
w.........................wswwwwww.w
w.........................wswwwwww.w
w.........................wswwwwww.w
w.........................wswwwwww.w
w.........................wswwwwww.w
w.........................wswwwwww.w
w.........................wswwwwww.w
w.........................wswwwwww.w
w.........................wswwwwww.w
w.........................wswwwwww.w
w.........................wswwwwww.w
w.........................wswwwwww.w
w.........................wswwwwww.w
w.........................wswwwwww.w
w.........................wswwwwww.w
w..........................s.......w
w..........................s.....m.w
w.........................wwwwwwsw.w
wo....m.....m...................s..w
wwwwwwwwwwwwswww................s..w
w...........s...................s..w
w...........s.m.................s..w
w..........wswwww............wwwww.w
w...........s......................w
w....m.....ms....m....m............w
w.wwsww..wwwwwwwwwwwwwwwwww........w
wwwwwwwwwwwwwwwwwwwwwwwwwwwwwwwwwwww